>>> from 0-add_integer import add_integer
>>> add_integer(1, 2)
3
>>> add_integer(100, -2)
98
>>> add_integer(2)
100
>>> add_integer(100.3, -2.9)
98
>>> add_integer("hello", 3)
Traceback (most recent call last):
    ...
TypeError: a must be an integer
